[2026-05-19 11:03:02] Vigia iniciado.
[2026-05-19 11:03:24] Processando pedido 1779199404619 — 4 registros de lmalerbo
[2026-05-19 11:03:24] Excel salvo: export_frentes_lmalerbo_2026-05-19_1779199404619.xlsx
[2026-05-19 11:03:30] Consolidação OK — 1779199404619
[2026-05-19 11:03:32] Processando pedido 1779199411989 — 4 registros de lmalerbo
[2026-05-19 11:03:32] Excel salvo: export_frentes_lmalerbo_2026-05-19_1779199411989.xlsx
[2026-05-19 11:03:39] Consolidação OK — 1779199411989
[2026-05-19 11:03:41] Processando pedido 1779199418133 — 4 registros de lmalerbo
[2026-05-19 11:03:41] Excel salvo: export_frentes_lmalerbo_2026-05-19_1779199418133.xlsx
[2026-05-19 11:03:47] Consolidação OK — 1779199418133
[2026-05-19 11:46:40] Processando pedido 1779201995491 — 30 registros de jcamilo
[2026-05-19 11:46:40] Excel salvo: export_frentes_jcamilo_2026-05-19_1779201995491.xlsx
[2026-05-19 11:46:47] Consolidação OK — 1779201995491
[2026-05-19 11:50:40] Processando pedido 1779202238003 — 52 registros de igabriel
[2026-05-19 11:50:40] Excel salvo: export_frentes_igabriel_2026-05-19_1779202238003.xlsx
[2026-05-19 11:50:45] Consolidação OK — 1779202238003
[2026-05-19 15:21:07] Processando pedido 1779214859171 — 6 registros de jcamilo
[2026-05-19 15:21:07] Excel salvo: export_frentes_jcamilo_2026-05-19_1779214859171.xlsx
[2026-05-19 15:21:15] Consolidação OK — 1779214859171
[2026-05-19 16:21:29] Processando pedido 1779218483926 — 10 registros de jcamilo
[2026-05-19 16:21:29] Excel salvo: export_frentes_jcamilo_2026-05-19_1779218483926.xlsx
[2026-05-19 16:21:34] Consolidação OK — 1779218483926
[2026-05-20 09:08:02] Processando pedido 1779278881227 — 3 registros de jcamilo
[2026-05-20 09:08:02] Excel salvo: export_frentes_jcamilo_2026-05-20_1779278881227.xlsx
[2026-05-20 09:08:10] Consolidação OK — 1779278881227
[2026-05-20 09:15:33] Processando pedido 1779279333682 — 3 registros de jcamilo
[2026-05-20 09:15:33] Excel salvo: export_frentes_jcamilo_2026-05-20_1779279333682.xlsx
[2026-05-20 09:15:40] Consolidação OK — 1779279333682
[2026-05-20 10:37:58] Processando pedido 1779284272139 — 10 registros de igabriel
[2026-05-20 10:37:58] Excel salvo: export_frentes_igabriel_2026-05-20_1779284272139.xlsx
[2026-05-20 10:38:05] Consolidação OK — 1779284272139
[2026-05-20 12:17:33] Processando pedido 1779290251980 — 5 registros de lmalerbo
[2026-05-20 12:17:33] Excel salvo: export_frentes_lmalerbo_2026-05-20_1779290251980.xlsx
[2026-05-20 12:17:41] Consolidação OK — 1779290251980
[2026-05-20 13:00:01] Processando pedido 1779292796473 — 28 registros de jcamilo
[2026-05-20 13:00:01] Excel salvo: export_frentes_jcamilo_2026-05-20_1779292796473.xlsx
[2026-05-20 13:00:08] Consolidação OK — 1779292796473
[2026-05-20 13:18:32] Processando pedido 1779293911283 — 6 registros de lmalerbo
[2026-05-20 13:18:32] Excel salvo: export_frentes_lmalerbo_2026-05-20_1779293911283.xlsx
[2026-05-20 13:18:38] Consolidação OK — 1779293911283
[2026-05-20 15:06:16] Processando pedido 1779300374836 — 46 registros de lmalerbo
[2026-05-20 15:06:16] Excel salvo: export_frentes_lmalerbo_2026-05-20_1779300374836.xlsx
[2026-05-20 15:06:23] Consolidação OK — 1779300374836
[2026-05-20 15:08:21] Processando pedido 1779300501158 — 46 registros de lmalerbo
[2026-05-20 15:08:21] Excel salvo: export_frentes_lmalerbo_2026-05-20_1779300501158.xlsx
[2026-05-20 15:08:26] Consolidação OK — 1779300501158
[2026-05-20 15:22:59] Processando pedido 1779301372861 — 19 registros de igabriel
[2026-05-20 15:22:59] Excel salvo: export_frentes_igabriel_2026-05-20_1779301372861.xlsx
[2026-05-20 15:23:02] Consolidação OK — 1779301372861
[2026-05-20 15:46:42] Processando pedido 1779302798371 — 31 registros de jcamilo
[2026-05-20 15:46:42] Excel salvo: export_frentes_jcamilo_2026-05-20_1779302798371.xlsx
[2026-05-20 15:46:48] Consolidação OK — 1779302798371
[2026-05-20 16:02:31] Processando pedido 1779303745821 — 1 registros de jcamilo
[2026-05-20 16:02:31] Excel salvo: export_frentes_jcamilo_2026-05-20_1779303745821.xlsx
[2026-05-20 16:02:38] Consolidação OK — 1779303745821
[2026-05-20 16:41:43] Processando pedido 1779306102449 — 1 registros de jcamilo
[2026-05-20 16:41:43] Excel salvo: export_frentes_jcamilo_2026-05-20_1779306102449.xlsx
[2026-05-20 16:41:49] Consolidação OK — 1779306102449
[2026-05-21 10:17:49] Processando pedido 1779369467113 — 8 registros de jcamilo
[2026-05-21 10:17:50] Excel salvo: export_frentes_jcamilo_2026-05-21_1779369467113.xlsx
[2026-05-21 10:17:58] Consolidação OK — 1779369467113
[2026-05-21 11:52:40] Processando pedido 1779375153173 — 6 registros de jcamilo
[2026-05-21 11:52:40] Excel salvo: export_frentes_jcamilo_2026-05-21_1779375153173.xlsx
[2026-05-21 11:52:47] Consolidação OK — 1779375153173
[2026-05-21 12:21:32] Processando pedido 1779376881929 — 6 registros de jcamilo
[2026-05-21 12:21:32] Excel salvo: export_frentes_jcamilo_2026-05-21_1779376881929.xlsx
[2026-05-21 12:21:39] Consolidação OK — 1779376881929
[2026-05-21 14:35:00] Processando pedido 1779384891990 — 11 registros de jcamilo
[2026-05-21 14:35:00] Excel salvo: export_frentes_jcamilo_2026-05-21_1779384891990.xlsx
[2026-05-21 14:35:06] Consolidação OK — 1779384891990
[2026-05-21 16:06:15] Processando pedido 1779390371508 — 7 registros de jcamilo
[2026-05-21 16:06:15] Excel salvo: export_frentes_jcamilo_2026-05-21_1779390371508.xlsx
[2026-05-21 16:06:21] Consolidação OK — 1779390371508
[2026-05-22 08:53:41] Processando pedido 1779450819186 — 57 registros de igabriel
[2026-05-22 08:53:41] Excel salvo: export_frentes_igabriel_2026-05-22_1779450819186.xlsx
[2026-05-22 08:53:50] Consolidação OK — 1779450819186
[2026-05-22 11:40:42] Processando pedido 1779460834355 — 5 registros de jcamilo
[2026-05-22 11:40:42] Excel salvo: export_frentes_jcamilo_2026-05-22_1779460834355.xlsx
[2026-05-22 11:40:51] Consolidação OK — 1779460834355
[2026-05-22 12:23:53] Processando pedido 1779463426154 — 8 registros de jcamilo
[2026-05-22 12:23:53] Excel salvo: export_frentes_jcamilo_2026-05-22_1779463426154.xlsx
[2026-05-22 12:23:59] Consolidação OK — 1779463426154
[2026-05-22 14:03:11] Processando pedido 1779469386810 — 9 registros de igabriel
[2026-05-22 14:03:11] Excel salvo: export_frentes_igabriel_2026-05-22_1779469386810.xlsx
[2026-05-22 14:03:17] Consolidação OK — 1779469386810
[2026-05-22 16:28:29] Vigia iniciado.
[2026-05-22 16:28:49] Processando pedido 1779478122580 — 5 registros de jcamilo
[2026-05-22 16:28:49] Excel salvo: export_frentes_jcamilo_2026-05-22_1779478122580.xlsx
[2026-05-22 16:28:58] Consolidação OK — 1779478122580
[2026-05-25 07:56:13] Vigia iniciado.
[2026-05-25 07:56:37] Processando pedido 1779706597216 — 13 registros de lmalerbo
[2026-05-25 07:56:37] Excel salvo: export_frentes_lmalerbo_2026-05-25_1779706597216.xlsx
[2026-05-25 07:56:43] Consolidação OK — 1779706597216
[2026-05-25 08:00:15] Processando pedido 1779706815586 — 8 registros de lmalerbo
[2026-05-25 08:00:15] Excel salvo: export_frentes_lmalerbo_2026-05-25_1779706815586.xlsx
[2026-05-25 08:00:24] Consolidação OK — 1779706815586
[2026-05-25 08:01:50] Processando pedido 1779706910287 — 7 registros de igabriel
[2026-05-25 08:01:50] Excel salvo: export_frentes_igabriel_2026-05-25_1779706910287.xlsx
[2026-05-25 08:01:54] Consolidação OK — 1779706910287
[2026-05-25 10:35:47] Processando pedido 1779716145682 — 39 registros de igabriel
[2026-05-25 10:35:47] Excel salvo: export_frentes_igabriel_2026-05-25_1779716145682.xlsx
[2026-05-25 10:35:56] Consolidação OK — 1779716145682
[2026-05-25 10:40:53] Processando pedido 1779716452611 — 6 registros de igabriel
[2026-05-25 10:40:53] Excel salvo: export_frentes_igabriel_2026-05-25_1779716452611.xlsx
[2026-05-25 10:40:59] Consolidação OK — 1779716452611
[2026-05-25 11:45:15] Processando pedido 1779720313369 — 8 registros de lmalerbo
[2026-05-25 11:45:15] Excel salvo: export_frentes_lmalerbo_2026-05-25_1779720313369.xlsx
[2026-05-25 11:45:20] Consolidação OK — 1779720313369
[2026-05-25 11:48:30] Processando pedido 1779720508649 — 8 registros de lmalerbo
[2026-05-25 11:48:30] Excel salvo: export_frentes_lmalerbo_2026-05-25_1779720508649.xlsx
[2026-05-25 11:48:37] Consolidação OK — 1779720508649
[2026-05-25 12:01:17] Processando pedido 1779721276136 — 8 registros de lmalerbo
[2026-05-25 12:01:18] Excel salvo: export_frentes_lmalerbo_2026-05-25_1779721276136.xlsx
[2026-05-25 12:01:24] Consolidação OK — 1779721276136
[2026-05-25 12:31:29] Processando pedido 1779723087860 — 3 registros de jcamilo
[2026-05-25 12:31:29] Excel salvo: export_frentes_jcamilo_2026-05-25_1779723087860.xlsx
[2026-05-25 12:31:36] Consolidação OK — 1779723087860
[2026-05-25 12:36:47] Processando pedido 1779723407097 — 3 registros de igabriel
[2026-05-25 12:36:47] Excel salvo: export_frentes_igabriel_2026-05-25_1779723407097.xlsx
[2026-05-25 12:36:56] Consolidação OK — 1779723407097
[2026-05-25 12:38:44] Processando pedido 1779723522870 — 8 registros de lmalerbo
[2026-05-25 12:38:44] Excel salvo: export_frentes_lmalerbo_2026-05-25_1779723522870.xlsx
[2026-05-25 12:38:50] Consolidação OK — 1779723522870
[2026-05-25 15:33:43] Processando pedido 1779734023477 — 113 registros de lmalerbo
[2026-05-25 15:33:44] Excel salvo: export_frentes_lmalerbo_2026-05-25_1779734023477.xlsx
[2026-05-25 15:33:58] Consolidação OK — 1779734023477
[2026-05-25 15:42:53] Processando pedido 1779734572762 — 13 registros de jcamilo
[2026-05-25 15:42:53] Excel salvo: export_frentes_jcamilo_2026-05-25_1779734572762.xlsx
[2026-05-25 15:43:00] Consolidação OK — 1779734572762
[2026-05-25 16:08:52] Processando pedido 1779736131602 — 3 registros de jcamilo
[2026-05-25 16:08:52] Excel salvo: export_frentes_jcamilo_2026-05-25_1779736131602.xlsx
[2026-05-25 16:08:59] Consolidação OK — 1779736131602
[2026-05-25 16:17:36] Processando pedido 1779736655220 — 2 registros de jcamilo
[2026-05-25 16:17:36] Excel salvo: export_frentes_jcamilo_2026-05-25_1779736655220.xlsx
[2026-05-25 16:17:43] Consolidação OK — 1779736655220
[2026-05-25 16:29:44] Processando pedido 1779737382353 — 2 registros de jcamilo
[2026-05-25 16:29:44] Excel salvo: export_frentes_jcamilo_2026-05-25_1779737382353.xlsx
[2026-05-25 16:29:51] Consolidação OK — 1779737382353
[2026-05-25 16:44:42] Processando pedido 1779738281577 — 3 registros de lmalerbo
[2026-05-25 16:44:42] Excel salvo: export_frentes_lmalerbo_2026-05-25_1779738281577.xlsx
[2026-05-25 16:44:50] Consolidação OK — 1779738281577
[2026-05-25 16:45:28] Processando pedido 1779738328103 — 3 registros de lmalerbo
[2026-05-25 16:45:28] Excel salvo: export_frentes_lmalerbo_2026-05-25_1779738328103.xlsx
[2026-05-25 16:45:35] Consolidação OK — 1779738328103
[2026-05-25 16:50:04] Processando pedido 1779738603907 — 3 registros de lmalerbo
[2026-05-25 16:50:04] Excel salvo: export_frentes_lmalerbo_2026-05-25_1779738603907.xlsx
[2026-05-25 16:50:12] Consolidação OK — 1779738603907
[2026-05-25 17:09:59] Processando pedido 1779739799574 — 7 registros de lmalerbo
[2026-05-25 17:09:59] Excel salvo: export_frentes_lmalerbo_2026-05-25_1779739799574.xlsx
[2026-05-25 17:10:05] Consolidação OK — 1779739799574
[2026-05-26 08:21:33] Processando pedido 1779794492554 — 4 registros de jcamilo
[2026-05-26 08:21:33] Excel salvo: export_frentes_jcamilo_2026-05-26_1779794492554.xlsx
[2026-05-26 08:21:42] Consolidação OK — 1779794492554
[2026-05-26 08:48:45] Processando pedido 1779796124141 — 7 registros de jcamilo
[2026-05-26 08:48:45] Excel salvo: export_frentes_jcamilo_2026-05-26_1779796124141.xlsx
[2026-05-26 08:48:54] Consolidação OK — 1779796124141
[2026-05-26 09:45:26] Processando pedido 1779799526039 — 5 registros de jcamilo
[2026-05-26 09:45:27] Excel salvo: export_frentes_jcamilo_2026-05-26_1779799526039.xlsx
[2026-05-26 09:45:32] Consolidação OK — 1779799526039
[2026-05-26 10:06:52] Processando pedido 1779800810967 — 7 registros de jcamilo
[2026-05-26 10:06:52] Excel salvo: export_frentes_jcamilo_2026-05-26_1779800810967.xlsx
[2026-05-26 10:06:56] Consolidação OK — 1779800810967
[2026-05-26 10:50:35] Processando pedido 1779803434346 — 3 registros de jcamilo
[2026-05-26 10:50:35] Excel salvo: export_frentes_jcamilo_2026-05-26_1779803434346.xlsx
[2026-05-26 10:50:40] Consolidação OK — 1779803434346
[2026-05-26 11:34:56] Processando pedido 1779806094731 — 1 registros de jcamilo
[2026-05-26 11:34:56] Excel salvo: export_frentes_jcamilo_2026-05-26_1779806094731.xlsx
[2026-05-26 11:35:04] Consolidação OK — 1779806094731
[2026-05-26 13:20:08] Processando pedido 1779812406391 — 3 registros de jcamilo
[2026-05-26 13:20:08] Excel salvo: export_frentes_jcamilo_2026-05-26_1779812406391.xlsx
[2026-05-26 13:20:15] Consolidação OK — 1779812406391
[2026-05-26 15:16:04] Processando pedido 1779819359239 — 11 registros de jcamilo
[2026-05-26 15:16:04] Excel salvo: export_frentes_jcamilo_2026-05-26_1779819359239.xlsx
[2026-05-26 15:16:10] Consolidação OK — 1779819359239
[2026-05-26 15:28:03] Processando pedido 1779820079484 — 9 registros de jcamilo
[2026-05-26 15:28:03] Excel salvo: export_frentes_jcamilo_2026-05-26_1779820079484.xlsx
[2026-05-26 15:28:09] Consolidação OK — 1779820079484
[2026-05-26 15:55:43] Processando pedido 1779821734435 — 67 registros de igabriel
[2026-05-26 15:55:43] Excel salvo: export_frentes_igabriel_2026-05-26_1779821734435.xlsx
[2026-05-26 15:55:49] Consolidação OK — 1779821734435
[2026-05-26 16:45:52] Processando pedido 1779824752028 — 5 registros de lmalerbo
[2026-05-26 16:45:52] Excel salvo: export_frentes_lmalerbo_2026-05-26_1779824752028.xlsx
[2026-05-26 16:45:58] Consolidação OK — 1779824752028
[2026-05-26 17:02:46] Processando pedido 1779825764781 — 15 registros de igabriel
[2026-05-26 17:02:46] Excel salvo: export_frentes_igabriel_2026-05-26_1779825764781.xlsx
[2026-05-26 17:02:51] Consolidação OK — 1779825764781
[2026-05-27 13:02:27] Vigia iniciado.
[2026-05-27 13:06:07] Processando pedido 1779897964927 — 4 registros de jcamilo
[2026-05-27 13:06:07] Excel salvo: export_frentes_jcamilo_2026-05-27_1779897964927.xlsx
[2026-05-27 13:06:12] Consolidação OK — 1779897964927
[2026-05-27 16:23:39] Processando pedido 1779909813937 — 13 registros de jcamilo
[2026-05-27 16:23:39] Excel salvo: export_frentes_jcamilo_2026-05-27_1779909813937.xlsx
[2026-05-27 16:23:46] Consolidação OK — 1779909813937
[2026-05-27 17:10:41] Processando pedido 1779912632757 — 6 registros de igabriel
[2026-05-27 17:10:41] Excel salvo: export_frentes_igabriel_2026-05-27_1779912632757.xlsx
[2026-05-27 17:10:48] Consolidação OK — 1779912632757
[2026-05-28 12:04:53] Processando pedido 1779980682020 — 32 registros de jcamilo
[2026-05-28 12:05:00] Excel salvo: export_frentes_jcamilo_2026-05-28_1779980682020.xlsx
[2026-05-28 12:07:07] Consolidação OK — 1779980682020
[2026-05-28 12:12:20] Processando pedido 1779981135141 — 32 registros de jcamilo
[2026-05-28 12:12:20] Excel salvo: export_frentes_jcamilo_2026-05-28_1779981135141.xlsx
[2026-05-28 12:12:24] Consolidação OK — 1779981135141
[2026-05-28 12:23:07] Processando pedido 1779981783716 — 14 registros de igabriel
[2026-05-28 12:23:07] Excel salvo: export_frentes_igabriel_2026-05-28_1779981783716.xlsx
[2026-05-28 12:23:12] Consolidação OK — 1779981783716
[2026-05-28 16:18:52] Processando pedido 1779995927433 — 12 registros de jcamilo
[2026-05-28 16:18:52] Excel salvo: export_frentes_jcamilo_2026-05-28_1779995927433.xlsx
[2026-05-28 16:18:58] Consolidação OK — 1779995927433
[2026-05-28 16:44:39] Processando pedido 1779997475427 — 15 registros de igabriel
[2026-05-28 16:44:39] Excel salvo: export_frentes_igabriel_2026-05-28_1779997475427.xlsx
[2026-05-28 16:44:46] Consolidação OK — 1779997475427
[2026-05-29 11:49:28] Processando pedido 1780066164140 — 15 registros de jcamilo
[2026-05-29 11:49:28] Excel salvo: export_frentes_jcamilo_2026-05-29_1780066164140.xlsx
[2026-05-29 11:49:38] Consolidação OK — 1780066164140
[2026-05-29 11:54:31] Processando pedido 1780066470252 — 19 registros de igabriel
[2026-05-29 11:54:31] Excel salvo: export_frentes_igabriel_2026-05-29_1780066470252.xlsx
[2026-05-29 11:54:38] Consolidação OK — 1780066470252
[2026-05-29 11:59:30] Processando pedido 1780066761154 — 15 registros de jcamilo
[2026-05-29 11:59:30] Excel salvo: export_frentes_jcamilo_2026-05-29_1780066761154.xlsx
[2026-05-29 11:59:35] Consolidação OK — 1780066761154
[2026-05-29 13:22:02] Processando pedido 1780071716335 — 10 registros de jcamilo
[2026-05-29 13:22:02] Excel salvo: export_frentes_jcamilo_2026-05-29_1780071716335.xlsx
[2026-05-29 13:22:06] Consolidação OK — 1780071716335
[2026-05-29 13:23:38] Processando pedido 1780071816119 — 15 registros de jcamilo
[2026-05-29 13:23:38] Excel salvo: export_frentes_jcamilo_2026-05-29_1780071816119.xlsx
[2026-05-29 13:23:42] Consolidação OK — 1780071816119
[2026-05-29 14:39:50] Processando pedido 1780076388113 — 13 registros de jcamilo
[2026-05-29 14:39:50] Excel salvo: export_frentes_jcamilo_2026-05-29_1780076388113.xlsx
[2026-05-29 14:39:56] Consolidação OK — 1780076388113
[2026-05-29 15:35:32] Processando pedido 1780079725500 — 20 registros de jcamilo
[2026-05-29 15:35:32] Excel salvo: export_frentes_jcamilo_2026-05-29_1780079725500.xlsx
[2026-05-29 15:35:39] Consolidação OK — 1780079725500
[2026-06-01 08:28:14] Processando pedido 1780313285833 — 7 registros de igabriel
[2026-06-01 08:28:14] Excel salvo: export_frentes_igabriel_2026-06-01_1780313285833.xlsx
[2026-06-01 08:28:24] Consolidação OK — 1780313285833
[2026-06-01 08:37:26] Processando pedido 1780313840620 — 13 registros de jcamilo
[2026-06-01 08:37:26] Excel salvo: export_frentes_jcamilo_2026-06-01_1780313840620.xlsx
[2026-06-01 08:37:35] Consolidação OK — 1780313840620
[2026-06-01 09:01:29] Processando pedido 1780315283430 — 6 registros de jcamilo
[2026-06-01 09:01:29] Excel salvo: export_frentes_jcamilo_2026-06-01_1780315283430.xlsx
[2026-06-01 09:01:34] Consolidação OK — 1780315283430
[2026-06-01 09:04:27] Processando pedido 1780315459814 — 10 registros de jcamilo
[2026-06-01 09:04:27] Excel salvo: export_frentes_jcamilo_2026-06-01_1780315459814.xlsx
[2026-06-01 09:04:32] Consolidação OK — 1780315459814
[2026-06-01 10:53:56] Processando pedido 1780322035444 — 10 registros de jcamilo
[2026-06-01 10:53:56] Excel salvo: export_frentes_jcamilo_2026-06-01_1780322035444.xlsx
[2026-06-01 10:54:03] Consolidação OK — 1780322035444
[2026-06-01 12:25:00] Processando pedido 1780327497682 — 4 registros de jcamilo
[2026-06-01 12:25:00] Excel salvo: export_frentes_jcamilo_2026-06-01_1780327497682.xlsx
[2026-06-01 12:25:05] Consolidação OK — 1780327497682
